// Jest Snapshot v1, https://goo.gl/fbAQLP

exports[`canvas render 1`] = `ShallowWrapper {}`;
